Grupo 06 - Daniel Martins e Marcelo Garofalo

marcelo.muniz@SPON010113372 MINGW64 ~/Documents/Estudos/Certified Tech Developer/Digital House/Introdução à Informática/projeto (master)
$ cd ..

marcelo.muniz@SPON010113372 MINGW64 ~/Documents/Estudos/Certified Tech Developer/Digital House/Introdução à Informática (master)
$ mkdir aula05

marcelo.muniz@SPON010113372 MINGW64 ~/Documents/Estudos/Certified Tech Developer/Digital House/Introdução à Informática (master)
$ cd aula05/

marcelo.muniz@SPON010113372 MINGW64 ~/Documents/Estudos/Certified Tech Developer/Digital House/Introdução à Informática/aula05 (master)
$ git init
Initialized empty Git repository in C:/Users/marcelo.muniz/Documents/Estudos/Certified Tech Developer/Digital House/Introdução à Informática/aula05/.git/

marcelo.muniz@SPON010113372 MINGW64 ~/Documents/Estudos/Certified Tech Developer/Digital House/Introdução à Informática/aula05 (master)
CTD-Introducao-a-Informatica
$ git config user.name "marcelombg"

marcelo.muniz@SPON010113372 MINGW64 ~/Documents/Estudos/Certified Tech Developer/Digital House/Introdução à Informática/aula05 (master)
$ git config user.email "marcelo_mbg@hotmail.com"

marcelo.muniz@SPON010113372 MINGW64 ~/Documents/Estudos/Certified Tech Developer/Digital House/Introdução à Informática/aula05 (master)
$ git remote add origin https://github.com/marcelombg/CTD-Introducao-a-Informatica

marcelo.muniz@SPON010113372 MINGW64 ~/Documents/Estudos/Certified Tech Developer/Digital House/Introdução à Informática/aula05 (master)
$ touch README.md

marcelo.muniz@SPON010113372 MINGW64 ~/Documents/Estudos/Certified Tech Developer/Digital House/Introdução à Informática/aula05 (master)
$ vim README.md

marcelo.muniz@SPON010113372 MINGW64 ~/Documents/Estudos/Certified Tech Developer/Digital House/Introdução à Informática/aula05 (master)
$ git add .
warning: LF will be replaced by CRLF in README.md.
The file will have its original line endings in your working directory

marcelo.muniz@SPON010113372 MINGW64 ~/Documents/Estudos/Certified Tech Developer/Digital House/Introdução à Informática/aula05 (master)
$ git commit -m "README versão 1.0"
[master (root-commit) 3b8200e] README versão 1.0
 1 file changed, 1 insertion(+)
 create mode 100644 README.md

marcelo.muniz@SPON010113372 MINGW64 ~/Documents/Estudos/Certified Tech Developer/Digital House/Introdução à Informática/aula05 (master)
$ git branch -M main

marcelo.muniz@SPON010113372 MINGW64 ~/Documents/Estudos/Certified Tech Developer/Digital House/Introdução à Informática/aula05 (main)
$ git remote add origin https://github.com/marcelombg/CTD-Introducao-a-Informatica.git
error: remote origin already exists.

marcelo.muniz@SPON010113372 MINGW64 ~/Documents/Estudos/Certified Tech Developer/Digital House/Introdução à Informática/aula05 (main)
$ git push -u origin main
123456789A
Enumerating objects: 3, done.
Counting objects: 100% (3/3), done.
Writing objects: 100% (3/3), 252 bytes | 126.00 KiB/s, done.
123456789B
Total 3 (delta 0), reused 0 (delta 0), pack-reused 0
To https://github.com/marcelombg/CTD-Introducao-a-Informatica
 * [new branch]      main -> main
123456789C
Branch 'main' set up to track remote branch 'main' from 'origin'.

marcelo.muniz@SPON010113372 MINGW64 ~/Documents/Estudos/Certified Tech Developer/Digital House/Introdução à Informática/aula05 (main)
$ touch arquivo1.txt arquivo2.txt arquivo3.txt

marcelo.muniz@SPON010113372 MINGW64 ~/Documents/Estudos/Certified Tech Developer/Digital House/Introdução à Informática/aula05 (main)
$ vim arquivo1.txt

marcelo.muniz@SPON010113372 MINGW64 ~/Documents/Estudos/Certified Tech Developer/Digital House/Introdução à Informática/aula05 (main)
$ vim arquivo2.txt

marcelo.muniz@SPON010113372 MINGW64 ~/Documents/Estudos/Certified Tech Developer/Digital House/Introdução à Informática/aula05 (main)
$ vim arquivo3.txt

marcelo.muniz@SPON010113372 MINGW64 ~/Documents/Estudos/Certified Tech Developer/Digital House/Introdução à Informática/aula05 (main)
$ git add .
warning: LF will be replaced by CRLF in arquivo1.txt.
The file will have its original line endings in your working directory
warning: LF will be replaced by CRLF in arquivo2.txt.
The file will have its original line endings in your working directory
warning: LF will be replaced by CRLF in arquivo3.txt.
The file will have its original line endings in your working directory

marcelo.muniz@SPON010113372 MINGW64 ~/Documents/Estudos/Certified Tech Developer/Digital House/Introdução à Informática/aula05 (main)
$ git commit -m "arquivos 1 2 3"
[main ef628d6] arquivos 1 2 3
 3 files changed, 3 insertions(+)
 create mode 100644 arquivo1.txt
 create mode 100644 arquivo2.txt
 create mode 100644 arquivo3.txt

marcelo.muniz@SPON010113372 MINGW64 ~/Documents/Estudos/Certified Tech Developer/Digital House/Introdução à Informática/aula05 (main)
$ git pull origin main
From https://github.com/marcelombg/CTD-Introducao-a-Informatica
 * branch            main       -> FETCH_HEAD
Already up to date.

marcelo.muniz@SPON010113372 MINGW64 ~/Documents/Estudos/Certified Tech Developer/Digital House/Introdução à Informática/aula05 (main)
$ git push
Enumerating objects: 6, done.
Counting objects: 100% (6/6), done.
Delta compression using up to 4 threads
Compressing objects: 100% (2/2), done.
Writing objects: 100% (5/5), 382 bytes | 95.00 KiB/s, done.
Total 5 (delta 0), reused 0 (delta 0), pack-reused 0
To https://github.com/marcelombg/CTD-Introducao-a-Informatica
   3b8200e..ef628d6  main -> main

marcelo.muniz@SPON010113372 MINGW64 ~/Documents/Estudos/Certified Tech Developer/Digital House/Introdução à Informática/aula05 (main)
$ git pull
remote: Enumerating objects: 9, done.
remote: Counting objects: 100% (9/9), done.
remote: Compressing objects: 100% (6/6), done.
remote: Total 7 (delta 1), reused 7 (delta 1), pack-reused 0
Unpacking objects: 100% (7/7), 1.41 KiB | 2.00 KiB/s, done.
From https://github.com/marcelombg/CTD-Introducao-a-Informatica
123456789C
   ef628d6..61ac956  main       -> origin/main
Updating ef628d6..61ac956
Fast-forward
ABCDEFG1
 arquivo4.txt | 1 +
 arquivo5.txt | 1 +
 arquivo6.txt | 1 +
ABCDEFG2
 3 files changed, 3 insertions(+)
 create mode 100644 arquivo4.txt
 create mode 100644 arquivo5.txt
ABCDEFG3
 create mode 100644 arquivo6.txt

marcelo.muniz@SPON010113372 MINGW64 ~/Documents/Estudos/Certified Tech Developer/Digital House/Introdução à Informática/aula05 (main)
$ vim arquivo3.txt

marcelo.muniz@SPON010113372 MINGW64 ~/Documents/Estudos/Certified Tech Developer/Digital House/Introdução à Informática/aula05 (main)
$ vim arquivo4.txt

marcelo.muniz@SPON010113372 MINGW64 ~/Documents/Estudos/Certified Tech Developer/Digital House/Introdução à Informática/aula05 (main)
$ vim arquivo5.txt

marcelo.muniz@SPON010113372 MINGW64 ~/Documents/Estudos/Certified Tech Developer/Digital House/Introdução à Informática/aula05 (main)
$ vim arquivo6.txt

marcelo.muniz@SPON010113372 MINGW64 ~/Documents/Estudos/Certified Tech Developer/Digital House/Introdução à Informática/aula05 (main)
$ git add .
warning: LF will be replaced by CRLF in arquivo3.txt.
The file will have its original line endings in your working directory
warning: LF will be replaced by CRLF in arquivo5.txt.
The file will have its original line endings in your working directory
warning: LF will be replaced by CRLF in arquivo6.txt.
The file will have its original line endings in your working directory

marcelo.muniz@SPON010113372 MINGW64 ~/Documents/Estudos/Certified Tech Developer/Digital House/Introdução à Informática/aula05 (main)
$ git commit -m "editando arquivos 4 5 6"
[main bb08520] editando arquivos 4 5 6
 3 files changed, 5 insertions(+), 2 deletions(-)

marcelo.muniz@SPON010113372 MINGW64 ~/Documents/Estudos/Certified Tech Developer/Digital House/Introdução à Informática/aula05 (main)
$ git push
To https://github.com/marcelombg/CTD-Introducao-a-Informatica
 ! [rejected]        main -> main (fetch first)
error: failed to push some refs to 'https://github.com/marcelombg/CTD-Introducao-a-Informatica'
hint: Updates were rejected because the remote contains work that you do
hint: not have locally. This is usually caused by another repository pushing
hint: to the same ref. You may want to first integrate the remote changes
hint: (e.g., 'git pull ...') before pushing again.
hint: See the 'Note about fast-forwards' in 'git push --help' for details.

marcelo.muniz@SPON010113372 MINGW64 ~/Documents/Estudos/Certified Tech Developer/Digital House/Introdução à Informática/aula05 (main)
$ git pull
remote: Enumerating objects: 9, done.
remote: Counting objects: 100% (9/9), done.
remote: Compressing objects: 100% (4/4), done.
remote: Total 5 (delta 0), reused 5 (delta 0), pack-reused 0
Unpacking objects: 100% (5/5), 572 bytes | 1024 bytes/s, done.
From https://github.com/marcelombg/CTD-Introducao-a-Informatica
   61ac956..292f981  main       -> origin/main
Merge made by the 'recursive' strategy.
 arquivo1.txt | 3 +++
 arquivo2.txt | 2 ++
 arquivo3.txt | 2 ++
 3 files changed, 7 insertions(+)

marcelo.muniz@SPON010113372 MINGW64 ~/Documents/Estudos/Certified Tech Developer/Digital House/Introdução à Informática/aula05 (main)
123456789A
$ git push
Enumerating objects: 15, done.
Counting objects: 100% (12/12), done.
Delta compression using up to 4 threads
Compressing objects: 100% (7/7), done.
Writing objects: 100% (7/7), 815 bytes | 271.00 KiB/s, done.
Total 7 (delta 5), reused 0 (delta 0), pack-reused 0
remote: Resolving deltas: 100% (5/5), completed with 5 local objects.
To https://github.com/marcelombg/CTD-Introducao-a-Informatica
   292f981..09885aa  main -> main

marcelo.muniz@SPON010113372 MINGW64 ~/Documents/Estudos/Certified Tech Developer/Digital House/Introdução à Informática/aula05 (main)
$ vim arquivo1.txt

marcelo.muniz@SPON010113372 MINGW64 ~/Documents/Estudos/Certified Tech Developer/Digital House/Introdução à Informática/aula05 (main)
$ git add .

marcelo.muniz@SPON010113372 MINGW64 ~/Documents/Estudos/Certified Tech Developer/Digital House/Introdução à Informática/aula05 (main)
$ git commit -m "editando o mesmo arquivo Marcelo"
[main 97e96c7] editando o mesmo arquivo Marcelo
 1 file changed, 1 insertion(+)

marcelo.muniz@SPON010113372 MINGW64 ~/Documents/Estudos/Certified Tech Developer/Digital House/Introdução à Informática/aula05 (main)
$ git push
Enumerating objects: 5, done.
Counting objects: 100% (5/5), done.
Delta compression using up to 4 threads
Compressing objects: 100% (3/3), done.
Writing objects: 100% (3/3), 339 bytes | 113.00 KiB/s, done.
Total 3 (delta 1), reused 0 (delta 0), pack-reused 0
remote: Resolving deltas: 100% (1/1), completed with 1 local object.
To https://github.com/marcelombg/CTD-Introducao-a-Informatica
   09885aa..97e96c7  main -> main

marcelo.muniz@SPON010113372 MINGW64 ~/Documents/Estudos/Certified Tech Developer/Digital House/Introdução à Informática/aula05 (main)
$ git pull
remote: Enumerating objects: 10, done.
123456789B
remote: Counting objects: 100% (10/10), done.
remote: Compressing objects: 100% (3/3), done.
remote: Total 6 (delta 3), reused 6 (delta 3), pack-reused 0
Unpacking objects: 100% (6/6), 579 bytes | 0 bytes/s, done.
From https://github.com/marcelombg/CTD-Introducao-a-Informatica
   97e96c7..491fba1  main       -> origin/main
Updating 97e96c7..491fba1
Fast-forward
 arquivo1.txt | 2 ++
 1 file changed, 2 insertions(+)

marcelo.muniz@SPON010113372 MINGW64 ~/Documents/Estudos/Certified Tech Developer/Digital House/Introdução à Informática/aula05 (main)
$ vim arquivo2.txt

marcelo.muniz@SPON010113372 MINGW64 ~/Documents/Estudos/Certified Tech Developer/Digital House/Introdução à Informática/aula05 (main)
$ git add .

marcelo.muniz@SPON010113372 MINGW64 ~/Documents/Estudos/Certified Tech Developer/Digital House/Introdução à Informática/aula05 (main)
$ git pull
remote: Enumerating objects: 5, done.
remote: Counting objects: 100% (5/5), done.
remote: Compressing objects: 100% (2/2), done.
remote: Total 3 (delta 1), reused 3 (delta 1), pack-reused 0
Unpacking objects: 100% (3/3), 322 bytes | 1024 bytes/s, done.
From https://github.com/marcelombg/CTD-Introducao-a-Informatica
   491fba1..ddefbf7  main       -> origin/main
error: Your local changes to the following files would be overwritten by merge:
        arquivo2.txt
Please commit your changes or stash them before you merge.
Aborting
Updating 491fba1..ddefbf7

marcelo.muniz@SPON010113372 MINGW64 ~/Documents/Estudos/Certified Tech Developer/Digital House/Introdução à Informática/aula05 (main)
$ git commit -m "editando o mesmo arquivo2 Marcelo"
[main 3392063] editando o mesmo arquivo2 Marcelo
 1 file changed, 3 insertions(+), 1 deletion(-)

marcelo.muniz@SPON010113372 MINGW64 ~/Documents/Estudos/Certified Tech Developer/Digital House/Introdução à Informática/aula05 (main)
$ git push
To https://github.com/marcelombg/CTD-Introducao-a-Informatica
 ! [rejected]        main -> main (non-fast-forward)
error: failed to push some refs to 'https://github.com/marcelombg/CTD-Introducao-a-Informatica'
hint: Updates were rejected because the tip of your current branch is behind
hint: its remote counterpart. Integrate the remote changes (e.g.
hint: 'git pull ...') before pushing again.
hint: See the 'Note about fast-forwards' in 'git push --help' for details.

marcelo.muniz@SPON010113372 MINGW64 ~/Documents/Estudos/Certified Tech Developer/Digital House/Introdução à Informática/aula05 (main)
$ git pull
Auto-merging arquivo2.txt
CONFLICT (content): Merge conflict in arquivo2.txt
Automatic merge failed; fix conflicts and then commit the result.

marcelo.muniz@SPON010113372 MINGW64 ~/Documents/Estudos/Certified Tech Developer/Digital House/Introdução à Informática/aula05 (main|MERGING)
$ git add .

marcelo.muniz@SPON010113372 MINGW64 ~/Documents/Estudos/Certified Tech Developer/Digital House/Introdução à Informática/aula05 (main|MERGING)
$ git commit -m "editando o mesmo arquivo2 Marcelo"
[main 5760c72] editando o mesmo arquivo2 Marcelo

marcelo.muniz@SPON010113372 MINGW64 ~/Documents/Estudos/Certified Tech Developer/Digital House/Introdução à Informática/aula05 (main)
$ git push
Enumerating objects: 10, done.
Counting objects: 100% (10/10), done.
Delta compression using up to 4 threads
Compressing objects: 100% (6/6), done.
Writing objects: 100% (6/6), 617 bytes | 205.00 KiB/s, done.
Total 6 (delta 3), reused 0 (delta 0), pack-reused 0
remote: Resolving deltas: 100% (3/3), completed with 1 local object.
To https://github.com/marcelombg/CTD-Introducao-a-Informatica
   ddefbf7..5760c72  main -> main

marcelo.muniz@SPON010113372 MINGW64 ~/Documents/Estudos/Certified Tech Developer/Digital House/Introdução à Informática/aula05 (main)
$

